// Jest Snapshot v1, https://goo.gl/fbAQLP

exports[`basic snapshot test 1`] = `
<DocumentFragment>
  <div
    class="makeStyles-root-1"
  >
    <div
      class=" css-2b097c-container"
    >
      <div
        class="MuiFormControl-root MuiTextField-root MuiFormControl-fullWidth"
      >
        <div
          class="MuiInputBase-root MuiOutlinedInput-root MuiInputBase-fullWidth MuiInputBase-formControl"
        >
          <div
            aria-invalid="false"
            class="MuiInputBase-input MuiOutlinedInput-input makeStyles-input-2"
            type="text"
          >
            <div
              class="makeStyles-valueContainer-3"
            >
              <p
                class="MuiTypography-root makeStyles-placeholder-7 MuiTypography-body1 MuiTypography-colorTextSecondary"
              >
                Select options
              </p>
              <div
                class="css-3y1qaa"
              >
                <div
                  class=""
                  style="display: inline-block;"
                >
                  <input
                    aria-autocomplete="list"
                    autocapitalize="none"
                    autocomplete="off"
                    autocorrect="off"
                    id="react-select-multiple"
                    spellcheck="false"
                    style="box-sizing: content-box; width: 2px; border: 0px; font-size: inherit; opacity: 1; outline: 0; padding: 0px;"
                    tabindex="0"
                    type="text"
                    value=""
                  />
                  <div
                    style="position: absolute; top: 0px; left: 0px; visibility: hidden; height: 0px; overflow: scroll; white-space: pre; font-size: inherit; font-family: -webkit-small-control; letter-spacing: normal; text-transform: none;"
                  />
                </div>
              </div>
            </div>
            <div
              class=" css-1wy0on6"
            >
              <span
                style="align-self: stretch; background-color: rgb(204, 204, 204); margin-bottom: 8px; margin-top: 8px; width: 1px;"
              />
              <div
                aria-hidden="true"
                class=" css-1dk35j4-indicatorContainer"
              >
                <svg
                  aria-hidden="true"
                  class="css-19bqh2r"
                  focusable="false"
                  height="20"
                  viewBox="0 0 20 20"
                  width="20"
                >
                  <path
                    d="M4.516 7.548c0.436-0.446 1.043-0.481 1.576 0l3.908 3.747 3.908-3.747c0.533-0.481 1.141-0.446 1.574 0 0.436 0.445 0.408 1.197 0 1.615-0.406 0.418-4.695 4.502-4.695 4.502-0.217 0.223-0.502 0.335-0.787 0.335s-0.57-0.112-0.789-0.335c0 0-4.287-4.084-4.695-4.502s-0.436-1.17 0-1.615z"
                  />
                </svg>
              </div>
            </div>
          </div>
          <fieldset
            aria-hidden="true"
            class="PrivateNotchedOutline-root-80 MuiOutlinedInput-notchedOutline"
            style="padding-left: 8px;"
          >
            <legend
              class="PrivateNotchedOutline-legend-81"
              style="width: 0.01px;"
            >
              <span>
                â€‹
              </span>
            </legend>
          </fieldset>
        </div>
      </div>
    </div>
  </div>
</DocumentFragment>
`;
