// Jest Snapshot v1, https://goo.gl/fbAQLP

exports[`basic snapshot 1`] = `
.c0 {
  border-color: #e6e6e6;
  border-style: solid;
  border-width: 1px;
  border-bottom-left-radius: 2px;
  border-bottom-right-radius: 2px;
  border-top-width: 1px;
  box-sizing: border-box;
  color: inherit;
  overflow: hidden;
  padding-bottom: 16px;
  padding-left: 16px;
  padding-right: 16px;
  padding-top: 16px;
}

.c1 {
  -webkit-font-smoothing: antialiased;
  color: #505558;
  font-family: 'Source Sans Pro','Helvetica Neue',Helvetica,sans-serif;
  font-size: 14px;
  font-style: normal;
  font-stretch: normal;
  font-weight: 400;
  -webkit-letter-spacing: .02em;
  -moz-letter-spacing: .02em;
  -ms-letter-spacing: .02em;
  letter-spacing: .02em;
  line-height: 1.25;
  color: #3b5c70;
  cursor: pointer;
  display: table;
}

.c1:hover {
  color: #5d8fa9;
}

.c1:hover svg {
  color: inherit !important;
}

.c2 {
  color: inherit;
  height: 20px;
  margin: 0;
  margin-right: 10px;
  width: 20px;
}

.c2 svg {
  color: #3c3c3c;
  fill: currentColor;
  height: 1em;
  width: 1em;
  vertical-align: middle;
}

<div>
  <div
    className="c0"
  >
    <div
      className="c1"
      onClick={[Function]}
      tabIndex={0}
    >
      <span
        className="c2"
      >
        iconPlus
      </span>
      Add an item
    </div>
  </div>
</div>
`;
