// Jest Snapshot v1, https://goo.gl/fbAQLP

exports[`basic snapshot 1`] = `
.c0 {
  -webkit-font-smoothing: antialiased;
  -webkit-align-items: center;
  -webkit-box-align: center;
  -ms-flex-align: center;
  align-items: center;
  background-color: #5e7480;
  border-color: #5e7480;
  border-style: solid;
  border-width: 1px;
  border-radius: 2px;
  box-sizing: border-box;
  color: #ffffff;
  cursor: pointer;
  display: -webkit-inline-box;
  display: -webkit-inline-flex;
  display: -ms-inline-flexbox;
  display: inline-flex;
  font-family: "Source Sans Pro","Helvetica Neue",Helvetica,sans-serif;
  -webkit-box-pack: center;
  -webkit-justify-content: center;
  -ms-flex-pack: center;
  justify-content: center;
  margin: 0;
  min-width: 100px;
  outline: none;
  padding-left: 20px;
  padding-right: 20px;
  padding-top: 10px;
  padding-bottom: 10px;
  position: relative;
  text-align: center;
  -webkit-user-select: none;
  -moz-user-select: none;
  -ms-user-select: none;
  user-select: none;
  width: -webkit-fit-content;
  width: -moz-fit-content;
  width: fit-content;
}

.c0:hover {
  background-color: #5d8fa9;
  border-color: #5d8fa9;
  color: #ffffff;
}

.c0:active {
  background-color: #3b5c70;
  border-color: #3b5c70;
  color: #ffffff;
}

.c1 {
  display: -webkit-box;
  display: -webkit-flex;
  display: -ms-flexbox;
  display: flex;
  overflow: hidden;
  padding-left: 20px;
  -webkit-transition: width 0.2s ease-out 0s,padding-left 0.2s ease-out 0s,opacity 0.2s ease-out 0.2s;
  transition: width 0.2s ease-out 0s,padding-left 0.2s ease-out 0s,opacity 0.2s ease-out 0.2s;
}

.c1 svg path,
.c1 svg rect {
  fill: #ffffff;
}

<div
  className="a b c0"
  onClick={[Function]}
  onKeyPress={[Function]}
  role="button"
  tabIndex={0}
  title="title"
>
  <div>
    Submit
  </div>
  <div
    className="c1"
    style={
      Object {
        "opacity": 0,
        "paddingLeft": 0,
        "width": 0,
      }
    }
  >
    spinner
  </div>
</div>
`;
