// Jest Snapshot v1, https://goo.gl/fbAQLP

exports[`basic snapshot 1`] = `
Array [
  .c0 {
  -webkit-font-smoothing: antialiased;
  color: #505558;
  font-family: 'Source Sans Pro','Helvetica Neue',Helvetica,sans-serif;
  font-size: 18px;
  font-style: normal;
  font-stretch: normal;
  font-weight: 700;
  -webkit-letter-spacing: .03em;
  -moz-letter-spacing: .03em;
  -ms-letter-spacing: .03em;
  letter-spacing: .03em;
  line-height: 1.25;
}

<h3
    className="c0"
  >
    4
    . 
    Payment Information
  </h3>,
  .c0 {
  border-color: #e6e6e6;
  border-style: solid;
  border-width: 1px;
}

.c2 {
  padding-bottom: 0;
  padding-left: 16px;
  padding-right: 16px;
  padding-top: 0;
}

.c1 {
  border-bottom-color: #e6e6e6;
  border-bottom-style: solid;
  border-bottom-width: 1px;
  padding-bottom: 0;
  padding-left: 16px;
  padding-right: 16px;
  padding-top: 0;
}

<div
    className="c0"
  >
    <div
      className="c1"
    >
      CartItems({"isReadOnly":true,"items":"[Object]"})
    </div>
    <div
      className="c2"
    >
      CartSummary({"isDense":true,"displayShipping":"$5.25","displaySubtotal":"$275.77","displayTax":"$7.62","displayTotal":"$288.64"})
    </div>
  </div>,
]
`;
