// Jest Snapshot v1, https://goo.gl/fbAQLP

exports[`basic snapshot with address 1`] = `
Array [
  .c0 {
  -webkit-font-smoothing: antialiased;
  color: #505558;
  font-family: 'Source Sans Pro','Helvetica Neue',Helvetica,sans-serif;
  font-size: 18px;
  font-style: normal;
  font-stretch: normal;
  font-weight: 700;
  -webkit-letter-spacing: .03em;
  -moz-letter-spacing: .03em;
  -ms-letter-spacing: .03em;
  letter-spacing: .03em;
  line-height: 1.25;
}

<h3
    className="c0"
  >
    1
    . 
    Shipping Address
  </h3>,
  "",
  "AddressCapture({\\"addressFormProps\\":\\"[Object]\\",\\"addressReviewProps\\":\\"[Object]\\",\\"isSaving\\":false})",
]
`;

exports[`basic snapshot with empty address 1`] = `
Array [
  .c0 {
  -webkit-font-smoothing: antialiased;
  color: #505558;
  font-family: 'Source Sans Pro','Helvetica Neue',Helvetica,sans-serif;
  font-size: 18px;
  font-style: normal;
  font-stretch: normal;
  font-weight: 700;
  -webkit-letter-spacing: .03em;
  -moz-letter-spacing: .03em;
  -ms-letter-spacing: .03em;
  letter-spacing: .03em;
  line-height: 1.25;
}

<h3
    className="c0"
  >
    1
    . 
    Shipping Address
  </h3>,
  "",
  "AddressCapture({\\"addressFormProps\\":\\"[Object]\\",\\"addressReviewProps\\":\\"[Object]\\",\\"isSaving\\":false})",
]
`;
