// Jest Snapshot v1, https://goo.gl/fbAQLP

exports[`Displays error warning about required props 1`] = `undefined`;

exports[`Renders nothing when stock level is normal 1`] = `null`;

exports[`Renders stock warning when inventory is low 1`] = `
.c0 {
  -webkit-font-smoothing: antialiased;
  color: #cd3f4c;
  font-family: 'Source Sans Pro','Helvetica Neue',Helvetica,sans-serif;
  font-size: 14px;
  font-style: normal;
  font-stretch: normal;
  font-weight: 400;
  -webkit-letter-spacing: .02em;
  -moz-letter-spacing: .02em;
  -ms-letter-spacing: .02em;
  letter-spacing: .02em;
  line-height: 1.25;
}

<div
  className="c0"
>
  Only 
  10
   in stock
</div>
`;
