// Jest Snapshot v1, https://goo.gl/fbAQLP

exports[`basic snapshot with props 1`] = `
.c0 {
  border-bottom-color: #e6e6e6;
  border-bottom-style: solid;
  border-bottom-width: 1px;
  border-left-color: #e6e6e6;
  border-left-style: solid;
  border-left-width: 1px;
  border-right-color: #e6e6e6;
  border-right-style: solid;
  border-right-width: 1px;
  border-top-color: #e6e6e6;
  border-top-style: solid;
  border-top-width: 1px;
  max-width: 360px;
  overflow: hidden;
}

.c1 {
  max-height: 420px;
  overflow-x: hidden;
  overflow-y: auto;
  padding-bottom: 0;
  padding-left: 10px;
  padding-right: 10px;
  padding-top: 0;
}

.c2 {
  border-top-color: #e6e6e6;
  border-top-style: solid;
  border-top-width: 1px;
  box-shadow: none;
  padding-bottom: 16px;
  padding-left: 16px;
  padding-right: 16px;
  padding-top: 0;
  position: relative;
}

.c3 {
  -webkit-font-smoothing: antialiased;
  color: #b3b3b3;
  font-family: 'Source Sans Pro','Helvetica Neue',Helvetica,sans-serif;
  font-size: 14px;
  font-style: normal;
  font-stretch: normal;
  font-weight: 400;
  -webkit-letter-spacing: .02em;
  -moz-letter-spacing: .02em;
  -ms-letter-spacing: .02em;
  letter-spacing: .02em;
  line-height: 1.25;
  display: block;
  padding-bottom: 0;
  padding-left: 0;
  padding-right: 0;
  padding-top: 8px;
  text-align: center;
}

<div
  className="c0"
>
  <div
    className="c1"
  >
    CartItems({"items":"[Object]","isMiniCart":true})
  </div>
  <div
    className="c2"
  >
    MiniCartSummary({"displaySubtotal":"$25.00"})
    Button({"actionType":"important","isFullWidth":true,"children":"Checkout"})
    <span
      className="c3"
    >
      Shipping and tax calculated in checkout
    </span>
  </div>
</div>
`;
