// Jest Snapshot v1, https://goo.gl/fbAQLP

exports[`basic snapshot with empty props 1`] = `
.c3 {
  -webkit-align-items: center;
  -webkit-box-align: center;
  -ms-flex-align: center;
  align-items: center;
  cursor: pointer;
  display: -webkit-box;
  display: -webkit-flex;
  display: -ms-flexbox;
  display: flex;
  -webkit-font-smoothing: antialiased;
  color: #505558;
  font-family: 'Source Sans Pro','Helvetica Neue',Helvetica,sans-serif;
  font-size: 14px;
  font-style: normal;
  font-stretch: normal;
  font-weight: 400;
  -webkit-letter-spacing: .02em;
  -moz-letter-spacing: .02em;
  -ms-letter-spacing: .02em;
  letter-spacing: .02em;
  line-height: 1.25;
}

.c5 {
  -webkit-align-items: center;
  -webkit-box-align: center;
  -ms-flex-align: center;
  align-items: center;
  background-color: #ffffff;
  border-radius: 50%;
  border-color: #3c3c3c;
  border-style: solid;
  border-width: 2px;
  box-sizing: border-box;
  display: -webkit-box;
  display: -webkit-flex;
  display: -ms-flexbox;
  display: flex;
  -webkit-flex-shrink: 0;
  -ms-flex-negative: 0;
  flex-shrink: 0;
  height: 20px;
  -webkit-box-pack: center;
  -webkit-justify-content: center;
  -ms-flex-pack: center;
  justify-content: center;
  margin-bottom: 0;
  margin-left: 0;
  margin-right: 10px;
  margin-top: 0;
  width: 20px;
}

.c1 {
  border: 0;
  -webkit-clip: rect(0,0,0,0);
  clip: rect(0,0,0,0);
  cursor: pointer;
  height: 1px;
  margin: -1px;
  overflow: hidden;
  padding: 0;
  position: absolute;
  visibility: visible;
  white-space: nowrap;
  width: 1px;
}

.c1:checked + .c2 .c4::before {
  content: " ";
  display: inline-block;
  position: relative;
  width: 10px;
  height: 10px;
  border-radius: 50%;
  background-color: #3c3c3c;
}

.c1:focus + .c2 .c4 {
  box-shadow: 0 0 0 2px #8ce0c9;
  outline: 1px solid transparent;
}

.c1:disabled + .c2 .c4 {
  background-color: #e6e6e6;
}

.c1:disabled + .c2 {
  opacity: .5;
}

.c1:disabled + .c2:hover {
  cursor: not-allowed;
}

.c6 {
  -webkit-font-smoothing: antialiased;
  color: #3c3c3c;
  font-family: 'Source Sans Pro','Helvetica Neue',Helvetica,sans-serif;
  font-size: 16px;
  font-style: normal;
  font-stretch: normal;
  font-weight: 400;
  -webkit-letter-spacing: .03em;
  -moz-letter-spacing: .03em;
  -ms-letter-spacing: .03em;
  letter-spacing: .03em;
  line-height: 1.5;
  -webkit-align-items: center;
  -webkit-box-align: center;
  -ms-flex-align: center;
  align-items: center;
  display: -webkit-box;
  display: -webkit-flex;
  display: -ms-flexbox;
  display: flex;
  height: auto;
  -webkit-box-pack: center;
  -webkit-justify-content: center;
  -ms-flex-pack: center;
  justify-content: center;
  margin-left: 0;
  margin-top: 0;
}

.c0 {
  display: -webkit-box;
  display: -webkit-flex;
  display: -ms-flexbox;
  display: flex;
  -webkit-box-pack: justify;
  -webkit-justify-content: space-between;
  -ms-flex-pack: justify;
  justify-content: space-between;
  -webkit-flex-direction: row;
  -ms-flex-direction: row;
  flex-direction: row;
  height: 50px;
}

@media (max-width:768px) {
  .c0 {
    height: 60px;
  }
}

<div>
  <div
    className="c0"
  >
    <input
      checked={false}
      className="c1"
      disabled={false}
      id="radio_SelectableItem_1"
      onChange={[Function]}
      type="radio"
      value="detail"
    />
    <label
      className="c2 c3"
      htmlFor="radio_SelectableItem_1"
    >
      <span
        className="c4 c5"
      />
      Label
    </label>
    <div
      className="c6"
    >
      Detail
    </div>
  </div>
</div>
`;
