// Jest Snapshot v1, https://goo.gl/fbAQLP

exports[`renders all error messages 1`] = `
.c0 {
  margin-bottom: 10px;
  margin-left: 0;
  margin-right: 0;
  margin-top: 10px;
}

.c1 {
  -webkit-font-smoothing: antialiased;
  color: #cd3f4c;
  font-family: 'Source Sans Pro','Helvetica Neue',Helvetica,sans-serif;
  font-size: 14px;
  font-style: normal;
  font-stretch: normal;
  font-weight: 400;
  -webkit-letter-spacing: .02em;
  -moz-letter-spacing: .02em;
  -ms-letter-spacing: .02em;
  letter-spacing: .02em;
  line-height: 1.25;
}

<div
  className="c0"
>
  <div
    className="c1"
    data-name="a"
  >
    
    Message One
  </div>
  <div
    className="c1"
    data-name="b"
  >
    
    Message Two
  </div>
</div>
`;

exports[`renders nothing when there are no errors 1`] = `null`;
